// Vitest Snapshot v1, https://vitest.dev/guide/snapshot.html

exports[`AnimeListPage > renders AnimePageList correctly 1`] = `
{
  "asFragment": [Function],
  "baseElement": <body>
    <div>
      <section>
        <div
          class="css-11t7uif-AnimeListPage"
        >
          <div
            class="css-t37or7-AnimeListPage"
          >
            <button
              class="css-go84mi-ButtonBasic"
            >
              &lt;
            </button>
            <span>
              0
            </span>
            <button
              class="css-go84mi-ButtonBasic"
            >
              &gt;
            </button>
          </div>
          <button
            class="css-go84mi-ButtonBasic"
          >
            Bulk Add Collection
          </button>
        </div>
        <div
          class="css-1jma2nr-AnimeListPage"
        />
        <div
          class="css-118qxnh-AnimeListPage"
        >
          Load More
        </div>
      </section>
    </div>
  </body>,
  "container": <div>
    <section>
      <div
        class="css-11t7uif-AnimeListPage"
      >
        <div
          class="css-t37or7-AnimeListPage"
        >
          <button
            class="css-go84mi-ButtonBasic"
          >
            &lt;
          </button>
          <span>
            0
          </span>
          <button
            class="css-go84mi-ButtonBasic"
          >
            &gt;
          </button>
        </div>
        <button
          class="css-go84mi-ButtonBasic"
        >
          Bulk Add Collection
        </button>
      </div>
      <div
        class="css-1jma2nr-AnimeListPage"
      />
      <div
        class="css-118qxnh-AnimeListPage"
      >
        Load More
      </div>
    </section>
  </div>,
  "debug": [Function],
  "findAllByAltText": [Function],
  "findAllByDisplayValue": [Function],
  "findAllByLabelText": [Function],
  "findAllByPlaceholderText": [Function],
  "findAllByRole": [Function],
  "findAllByTestId": [Function],
  "findAllByText": [Function],
  "findAllByTitle": [Function],
  "findByAltText": [Function],
  "findByDisplayValue": [Function],
  "findByLabelText": [Function],
  "findByPlaceholderText": [Function],
  "findByRole": [Function],
  "findByTestId": [Function],
  "findByText": [Function],
  "findByTitle": [Function],
  "getAllByAltText": [Function],
  "getAllByDisplayValue": [Function],
  "getAllByLabelText": [Function],
  "getAllByPlaceholderText": [Function],
  "getAllByRole": [Function],
  "getAllByTestId": [Function],
  "getAllByText": [Function],
  "getAllByTitle": [Function],
  "getByAltText": [Function],
  "getByDisplayValue": [Function],
  "getByLabelText": [Function],
  "getByPlaceholderText": [Function],
  "getByRole": [Function],
  "getByTestId": [Function],
  "getByText": [Function],
  "getByTitle": [Function],
  "queryAllByAltText": [Function],
  "queryAllByDisplayValue": [Function],
  "queryAllByLabelText": [Function],
  "queryAllByPlaceholderText": [Function],
  "queryAllByRole": [Function],
  "queryAllByTestId": [Function],
  "queryAllByText": [Function],
  "queryAllByTitle": [Function],
  "queryByAltText": [Function],
  "queryByDisplayValue": [Function],
  "queryByLabelText": [Function],
  "queryByPlaceholderText": [Function],
  "queryByRole": [Function],
  "queryByTestId": [Function],
  "queryByText": [Function],
  "queryByTitle": [Function],
  "rerender": [Function],
  "unmount": [Function],
}
`;
